Using URL: https://trlxmuyjudzalfagoawk.supabase.co
Connecting to https://trlxmuyjudzalfagoawk.supabase.co...
Successfully connected with anon key. Data: [
  {
    id: '4f1983db-e15c-4d76-bf67-17ac9411b0b0',
    name: 'claw',
    display_name: 'Claw (Coordinador)',
    role: 'Coordinador del Sistema',
    status: 'idle',
    level: 3,
    session_key: 'agent:claw:main',
    current_task_id: null,
    default_model: 'gemini-1.5-pro',
    created_at: '2026-02-20T22:07:34.573355+00:00',
    updated_at: '2026-02-20T22:07:34.573355+00:00'
  }
]
